
> verivo@1.0.0 build
> next build

  Γû▓ Next.js 14.2.35

   Creating an optimized production build ...
 Γ£ô Compiled successfully
   Skipping validation of types
   Skipping linting
   Collecting page data ...
   Generating static pages (0/23) ...
npm : Error: Your project's 
URL and Key are required to 
create a Supabase client!
At line:1 char:1
+ npm run build > 
build_error.log 2>&1
+ ~~~~~~~~~~~~~~~~~~~~~~~~~~
~~~~~~~~~~
    + CategoryInfo          
    : NotSpecified: (Error  
  : Your pro...upabase cl   
 ient!:String) [], Remot    
eException
    + FullyQualifiedErrorId 
    : NativeCommandError
 

Check your Supabase 
project's API settings to 
find these values

https://supabase.com/dashboa
rd/project/_/settings/api
    at rL (C:\Users\bmlab\BM
lab\verivo-nextjs\.next\serv
er\chunks\929.js:38:53933)
    at 5472 (C:\Users\bmlab\
BMlab\verivo-nextjs\.next\se
rver\chunks\486.js:1:3839)
    at t (C:\Users\bmlab\BMl
ab\verivo-nextjs\.next\serve
r\webpack-runtime.js:1:127)
    at 5595 (C:\Users\bmlab\
BMlab\verivo-nextjs\.next\se
rver\app\(auth)\login\page.j
s:1:1794)
    at Object.t [as 
require] (C:\Users\bmlab\BMl
ab\verivo-nextjs\.next\serve
r\webpack-runtime.js:1:127)
    at require (C:\Users\bml
ab\BMlab\verivo-nextjs\node_
modules\next\dist\compiled\n
ext-server\app-page.runtime.
prod.js:17:18811)
    at s (C:\Users\bmlab\BMl
ab\verivo-nextjs\node_module
s\next\dist\compiled\next-se
rver\app-page.runtime.prod.j
s:12:88330)
    at C:\Users\bmlab\BMlab\
verivo-nextjs\node_modules\n
ext\dist\compiled\next-serve
r\app-page.runtime.prod.js:1
2:98875
    at C:\Users\bmlab\BMlab\
verivo-nextjs\node_modules\n
ext\dist\compiled\next-serve
r\app-page.runtime.prod.js:1
2:98962
    at t (C:\Users\bmlab\BMl
ab\verivo-nextjs\node_module
s\next\dist\compiled\next-se
rver\app-page.runtime.prod.j
s:12:99165) {
  digest: '1106862498'
}

Error occurred prerendering 
page "/login". Read more: ht
tps://nextjs.org/docs/messag
es/prerender-error

Error: Your project's URL 
and Key are required to 
create a Supabase client!

Check your Supabase 
project's API settings to 
find these values

https://supabase.com/dashboa
rd/project/_/settings/api
    at rL (C:\Users\bmlab\BM
lab\verivo-nextjs\.next\serv
er\chunks\929.js:38:53933)
    at 5472 (C:\Users\bmlab\
BMlab\verivo-nextjs\.next\se
rver\chunks\486.js:1:3839)
    at t (C:\Users\bmlab\BMl
ab\verivo-nextjs\.next\serve
r\webpack-runtime.js:1:127)
    at 5595 (C:\Users\bmlab\
BMlab\verivo-nextjs\.next\se
rver\app\(auth)\login\page.j
s:1:1794)
    at Object.t [as 
require] (C:\Users\bmlab\BMl
ab\verivo-nextjs\.next\serve
r\webpack-runtime.js:1:127)
    at require (C:\Users\bml
ab\BMlab\verivo-nextjs\node_
modules\next\dist\compiled\n
ext-server\app-page.runtime.
prod.js:17:18811)
    at s (C:\Users\bmlab\BMl
ab\verivo-nextjs\node_module
s\next\dist\compiled\next-se
rver\app-page.runtime.prod.j
s:12:88330)
    at C:\Users\bmlab\BMlab\
verivo-nextjs\node_modules\n
ext\dist\compiled\next-serve
r\app-page.runtime.prod.js:1
2:98875
    at C:\Users\bmlab\BMlab\
verivo-nextjs\node_modules\n
ext\dist\compiled\next-serve
r\app-page.runtime.prod.js:1
2:98962
    at t (C:\Users\bmlab\BMl
ab\verivo-nextjs\node_module
s\next\dist\compiled\next-se
rver\app-page.runtime.prod.j
s:12:99165)
Error: Your project's URL 
and Key are required to 
create a Supabase client!

Check your Supabase 
project's API settings to 
find these values

https://supabase.com/dashboa
rd/project/_/settings/api
    at rL (C:\Users\bmlab\BM
lab\verivo-nextjs\.next\serv
er\chunks\929.js:38:53933)
    at 5472 (C:\Users\bmlab\
BMlab\verivo-nextjs\.next\se
rver\chunks\486.js:1:3839)
    at t (C:\Users\bmlab\BMl
ab\verivo-nextjs\.next\serve
r\webpack-runtime.js:1:127)
    at 835 (C:\Users\bmlab\B
Mlab\verivo-nextjs\.next\ser
ver\chunks\486.js:1:710)
    at Object.t [as 
require] (C:\Users\bmlab\BMl
ab\verivo-nextjs\.next\serve
r\webpack-runtime.js:1:127)
    at require (C:\Users\bml
ab\BMlab\verivo-nextjs\node_
modules\next\dist\compiled\n
ext-server\app-page.runtime.
prod.js:17:18811)
    at A (C:\Users\bmlab\BMl
ab\verivo-nextjs\node_module
s\next\dist\compiled\next-se
rver\app-page.runtime.prod.j
s:12:94398)
    at R (C:\Users\bmlab\BMl
ab\verivo-nextjs\node_module
s\next\dist\compiled\next-se
rver\app-page.runtime.prod.j
s:12:92949)
    at rR (C:\Users\bmlab\BM
lab\verivo-nextjs\node_modul
es\next\dist\compiled\next-s
erver\app-page.runtime.prod.
js:12:33975)
    at nL (C:\Users\bmlab\BM
lab\verivo-nextjs\node_modul
es\next\dist\compiled\next-s
erver\app-page.runtime.prod.
js:12:62305) {
  digest: '4197814397'
}

Error occurred prerendering 
page "/experts". Read more: 
https://nextjs.org/docs/mess
ages/prerender-error

Error: Your project's URL 
and Key are required to 
create a Supabase client!

Check your Supabase 
project's API settings to 
find these values

https://supabase.com/dashboa
rd/project/_/settings/api
    at rL (C:\Users\bmlab\BM
lab\verivo-nextjs\.next\serv
er\chunks\929.js:38:53933)
    at 5472 (C:\Users\bmlab\
BMlab\verivo-nextjs\.next\se
rver\chunks\486.js:1:3839)
    at t (C:\Users\bmlab\BMl
ab\verivo-nextjs\.next\serve
r\webpack-runtime.js:1:127)
    at 835 (C:\Users\bmlab\B
Mlab\verivo-nextjs\.next\ser
ver\chunks\486.js:1:710)
    at Object.t [as 
require] (C:\Users\bmlab\BMl
ab\verivo-nextjs\.next\serve
r\webpack-runtime.js:1:127)
    at require (C:\Users\bml
ab\BMlab\verivo-nextjs\node_
modules\next\dist\compiled\n
ext-server\app-page.runtime.
prod.js:17:18811)
    at A (C:\Users\bmlab\BMl
ab\verivo-nextjs\node_module
s\next\dist\compiled\next-se
rver\app-page.runtime.prod.j
s:12:94398)
    at R (C:\Users\bmlab\BMl
ab\verivo-nextjs\node_module
s\next\dist\compiled\next-se
rver\app-page.runtime.prod.j
s:12:92949)
    at rR (C:\Users\bmlab\BM
lab\verivo-nextjs\node_modul
es\next\dist\compiled\next-s
erver\app-page.runtime.prod.
js:12:33975)
    at nL (C:\Users\bmlab\BM
lab\verivo-nextjs\node_modul
es\next\dist\compiled\next-s
erver\app-page.runtime.prod.
js:12:62305)
Error: Your project's URL 
and Key are required to 
create a Supabase client!

Check your Supabase 
project's API settings to 
find these values

https://supabase.com/dashboa
rd/project/_/settings/api
    at rL (C:\Users\bmlab\BM
lab\verivo-nextjs\.next\serv
er\chunks\929.js:38:53933)
    at 5472 (C:\Users\bmlab\
BMlab\verivo-nextjs\.next\se
rver\chunks\486.js:1:3839)
    at t (C:\Users\bmlab\BMl
ab\verivo-nextjs\.next\serve
r\webpack-runtime.js:1:127)
    at 835 (C:\Users\bmlab\B
Mlab\verivo-nextjs\.next\ser
ver\chunks\486.js:1:710)
    at Object.t [as 
require] (C:\Users\bmlab\BMl
ab\verivo-nextjs\.next\serve
r\webpack-runtime.js:1:127)
    at require (C:\Users\bml
ab\BMlab\verivo-nextjs\node_
modules\next\dist\compiled\n
ext-server\app-page.runtime.
prod.js:17:18811)
    at A (C:\Users\bmlab\BMl
ab\verivo-nextjs\node_module
s\next\dist\compiled\next-se
rver\app-page.runtime.prod.j
s:12:94398)
    at R (C:\Users\bmlab\BMl
ab\verivo-nextjs\node_module
s\next\dist\compiled\next-se
rver\app-page.runtime.prod.j
s:12:92949)
    at rR (C:\Users\bmlab\BM
lab\verivo-nextjs\node_modul
es\next\dist\compiled\next-s
erver\app-page.runtime.prod.
js:12:33975)
    at nL (C:\Users\bmlab\BM
lab\verivo-nextjs\node_modul
es\next\dist\compiled\next-s
erver\app-page.runtime.prod.
js:12:62305) {
  digest: '4197814397'
}

Error occurred prerendering 
page "/leaderboard". Read 
more: https://nextjs.org/doc
s/messages/prerender-error

Error: Your project's URL 
and Key are required to 
create a Supabase client!

Check your Supabase 
project's API settings to 
find these values

https://supabase.com/dashboa
rd/project/_/settings/api
    at rL (C:\Users\bmlab\BM
lab\verivo-nextjs\.next\serv
er\chunks\929.js:38:53933)
    at 5472 (C:\Users\bmlab\
BMlab\verivo-nextjs\.next\se
rver\chunks\486.js:1:3839)
    at t (C:\Users\bmlab\BMl
ab\verivo-nextjs\.next\serve
r\webpack-runtime.js:1:127)
    at 835 (C:\Users\bmlab\B
Mlab\verivo-nextjs\.next\ser
ver\chunks\486.js:1:710)
    at Object.t [as 
require] (C:\Users\bmlab\BMl
ab\verivo-nextjs\.next\serve
r\webpack-runtime.js:1:127)
    at require (C:\Users\bml
ab\BMlab\verivo-nextjs\node_
modules\next\dist\compiled\n
ext-server\app-page.runtime.
prod.js:17:18811)
    at A (C:\Users\bmlab\BMl
ab\verivo-nextjs\node_module
s\next\dist\compiled\next-se
rver\app-page.runtime.prod.j
s:12:94398)
    at R (C:\Users\bmlab\BMl
ab\verivo-nextjs\node_module
s\next\dist\compiled\next-se
rver\app-page.runtime.prod.j
s:12:92949)
    at rR (C:\Users\bmlab\BM
lab\verivo-nextjs\node_modul
es\next\dist\compiled\next-s
erver\app-page.runtime.prod.
js:12:33975)
    at nL (C:\Users\bmlab\BM
lab\verivo-nextjs\node_modul
es\next\dist\compiled\next-s
erver\app-page.runtime.prod.
js:12:62305)
Error: Your project's URL 
and Key are required to 
create a Supabase client!

Check your Supabase 
project's API settings to 
find these values

https://supabase.com/dashboa
rd/project/_/settings/api
    at rL (C:\Users\bmlab\BM
lab\verivo-nextjs\.next\serv
er\chunks\929.js:38:53933)
    at 5472 (C:\Users\bmlab\
BMlab\verivo-nextjs\.next\se
rver\chunks\486.js:1:3839)
    at t (C:\Users\bmlab\BMl
ab\verivo-nextjs\.next\serve
r\webpack-runtime.js:1:127)
    at 835 (C:\Users\bmlab\B
Mlab\verivo-nextjs\.next\ser
ver\chunks\486.js:1:710)
    at Object.t [as 
require] (C:\Users\bmlab\BMl
ab\verivo-nextjs\.next\serve
r\webpack-runtime.js:1:127)
    at require (C:\Users\bml
ab\BMlab\verivo-nextjs\node_
modules\next\dist\compiled\n
ext-server\app-page.runtime.
prod.js:17:18811)
    at A (C:\Users\bmlab\BMl
ab\verivo-nextjs\node_module
s\next\dist\compiled\next-se
rver\app-page.runtime.prod.j
s:12:94398)
    at R (C:\Users\bmlab\BMl
ab\verivo-nextjs\node_module
s\next\dist\compiled\next-se
rver\app-page.runtime.prod.j
s:12:92949)
    at rR (C:\Users\bmlab\BM
lab\verivo-nextjs\node_modul
es\next\dist\compiled\next-s
erver\app-page.runtime.prod.
js:12:33975)
    at nL (C:\Users\bmlab\BM
lab\verivo-nextjs\node_modul
es\next\dist\compiled\next-s
erver\app-page.runtime.prod.
js:12:62305) {
  digest: '4197814397'
}

Error occurred prerendering 
page "/contact". Read more: 
https://nextjs.org/docs/mess
ages/prerender-error

Error: Your project's URL 
and Key are required to 
create a Supabase client!

Check your Supabase 
project's API settings to 
find these values

https://supabase.com/dashboa
rd/project/_/settings/api
    at rL (C:\Users\bmlab\BM
lab\verivo-nextjs\.next\serv
er\chunks\929.js:38:53933)
    at 5472 (C:\Users\bmlab\
BMlab\verivo-nextjs\.next\se
rver\chunks\486.js:1:3839)
    at t (C:\Users\bmlab\BMl
ab\verivo-nextjs\.next\serve
r\webpack-runtime.js:1:127)
    at 835 (C:\Users\bmlab\B
Mlab\verivo-nextjs\.next\ser
ver\chunks\486.js:1:710)
    at Object.t [as 
require] (C:\Users\bmlab\BMl
ab\verivo-nextjs\.next\serve
r\webpack-runtime.js:1:127)
    at require (C:\Users\bml
ab\BMlab\verivo-nextjs\node_
modules\next\dist\compiled\n
ext-server\app-page.runtime.
prod.js:17:18811)
    at A (C:\Users\bmlab\BMl
ab\verivo-nextjs\node_module
s\next\dist\compiled\next-se
rver\app-page.runtime.prod.j
s:12:94398)
    at R (C:\Users\bmlab\BMl
ab\verivo-nextjs\node_module
s\next\dist\compiled\next-se
rver\app-page.runtime.prod.j
s:12:92949)
    at rR (C:\Users\bmlab\BM
lab\verivo-nextjs\node_modul
es\next\dist\compiled\next-s
erver\app-page.runtime.prod.
js:12:33975)
    at nL (C:\Users\bmlab\BM
lab\verivo-nextjs\node_modul
es\next\dist\compiled\next-s
erver\app-page.runtime.prod.
js:12:62305)
Error: Your project's URL 
and Key are required to 
create a Supabase client!

Check your Supabase 
project's API settings to 
find these values

https://supabase.com/dashboa
rd/project/_/settings/api
    at rL (C:\Users\bmlab\BM
lab\verivo-nextjs\.next\serv
er\chunks\929.js:38:53933)
    at 5472 (C:\Users\bmlab\
BMlab\verivo-nextjs\.next\se
rver\chunks\486.js:1:3839)
    at t (C:\Users\bmlab\BMl
ab\verivo-nextjs\.next\serve
r\webpack-runtime.js:1:127)
    at 835 (C:\Users\bmlab\B
Mlab\verivo-nextjs\.next\ser
ver\chunks\486.js:1:710)
    at Object.t [as 
require] (C:\Users\bmlab\BMl
ab\verivo-nextjs\.next\serve
r\webpack-runtime.js:1:127)
    at require (C:\Users\bml
ab\BMlab\verivo-nextjs\node_
modules\next\dist\compiled\n
ext-server\app-page.runtime.
prod.js:17:18811)
    at A (C:\Users\bmlab\BMl
ab\verivo-nextjs\node_module
s\next\dist\compiled\next-se
rver\app-page.runtime.prod.j
s:12:94398)
   Generating static pages (5/23) 
    at R (C:\Users\bmlab\BMl
ab\verivo-nextjs\node_module
s\next\dist\compiled\next-se
rver\app-page.runtime.prod.j
s:12:92949)
    at rR (C:\Users\bmlab\BM
lab\verivo-nextjs\node_modul
es\next\dist\compiled\next-s
erver\app-page.runtime.prod.
js:12:33975)
    at nL (C:\Users\bmlab\BM
lab\verivo-nextjs\node_modul
es\next\dist\compiled\next-s
erver\app-page.runtime.prod.
js:12:62305) {
  digest: '4197814397'
}

Error occurred prerendering 
page "/onboarding". Read 
more: https://nextjs.org/doc
s/messages/prerender-error

Error: Your project's URL 
and Key are required to 
create a Supabase client!

Check your Supabase 
project's API settings to 
find these values

https://supabase.com/dashboa
rd/project/_/settings/api
    at rL (C:\Users\bmlab\BM
lab\verivo-nextjs\.next\serv
er\chunks\929.js:38:53933)
    at 5472 (C:\Users\bmlab\
BMlab\verivo-nextjs\.next\se
rver\chunks\486.js:1:3839)
    at t (C:\Users\bmlab\BMl
ab\verivo-nextjs\.next\serve
r\webpack-runtime.js:1:127)
    at 835 (C:\Users\bmlab\B
Mlab\verivo-nextjs\.next\ser
ver\chunks\486.js:1:710)
    at Object.t [as 
require] (C:\Users\bmlab\BMl
ab\verivo-nextjs\.next\serve
r\webpack-runtime.js:1:127)
    at require (C:\Users\bml
ab\BMlab\verivo-nextjs\node_
modules\next\dist\compiled\n
ext-server\app-page.runtime.
prod.js:17:18811)
    at A (C:\Users\bmlab\BMl
ab\verivo-nextjs\node_module
s\next\dist\compiled\next-se
rver\app-page.runtime.prod.j
s:12:94398)
    at R (C:\Users\bmlab\BMl
ab\verivo-nextjs\node_module
s\next\dist\compiled\next-se
rver\app-page.runtime.prod.j
s:12:92949)
    at rR (C:\Users\bmlab\BM
lab\verivo-nextjs\node_modul
es\next\dist\compiled\next-s
erver\app-page.runtime.prod.
js:12:33975)
    at nL (C:\Users\bmlab\BM
lab\verivo-nextjs\node_modul
es\next\dist\compiled\next-s
erver\app-page.runtime.prod.
js:12:62305)
Error: Your project's URL 
and Key are required to 
create a Supabase client!

Check your Supabase 
project's API settings to 
find these values

https://supabase.com/dashboa
rd/project/_/settings/api
    at rL (C:\Users\bmlab\BM
lab\verivo-nextjs\.next\serv
er\chunks\929.js:38:53933)
    at 5472 (C:\Users\bmlab\
BMlab\verivo-nextjs\.next\se
rver\chunks\486.js:1:3839)
    at t (C:\Users\bmlab\BMl
ab\verivo-nextjs\.next\serve
r\webpack-runtime.js:1:127)
    at 835 (C:\Users\bmlab\B
Mlab\verivo-nextjs\.next\ser
ver\chunks\486.js:1:710)
    at Object.t [as 
require] (C:\Users\bmlab\BMl
ab\verivo-nextjs\.next\serve
r\webpack-runtime.js:1:127)
    at require (C:\Users\bml
ab\BMlab\verivo-nextjs\node_
modules\next\dist\compiled\n
ext-server\app-page.runtime.
prod.js:17:18811)
    at A (C:\Users\bmlab\BMl
ab\verivo-nextjs\node_module
s\next\dist\compiled\next-se
rver\app-page.runtime.prod.j
s:12:94398)
    at R (C:\Users\bmlab\BMl
ab\verivo-nextjs\node_module
s\next\dist\compiled\next-se
rver\app-page.runtime.prod.j
s:12:92949)
    at rR (C:\Users\bmlab\BM
lab\verivo-nextjs\node_modul
es\next\dist\compiled\next-s
erver\app-page.runtime.prod.
js:12:33975)
    at nL (C:\Users\bmlab\BM
lab\verivo-nextjs\node_modul
es\next\dist\compiled\next-s
erver\app-page.runtime.prod.
js:12:62305) {
  digest: '4197814397'
}

Error occurred prerendering 
page "/about". Read more: ht
tps://nextjs.org/docs/messag
es/prerender-error

Error: Your project's URL 
and Key are required to 
create a Supabase client!

Check your Supabase 
project's API settings to 
find these values

https://supabase.com/dashboa
rd/project/_/settings/api
    at rL (C:\Users\bmlab\BM
lab\verivo-nextjs\.next\serv
er\chunks\929.js:38:53933)
    at 5472 (C:\Users\bmlab\
BMlab\verivo-nextjs\.next\se
rver\chunks\486.js:1:3839)
    at t (C:\Users\bmlab\BMl
ab\verivo-nextjs\.next\serve
r\webpack-runtime.js:1:127)
    at 835 (C:\Users\bmlab\B
Mlab\verivo-nextjs\.next\ser
ver\chunks\486.js:1:710)
    at Object.t [as 
require] (C:\Users\bmlab\BMl
ab\verivo-nextjs\.next\serve
r\webpack-runtime.js:1:127)
    at require (C:\Users\bml
ab\BMlab\verivo-nextjs\node_
modules\next\dist\compiled\n
ext-server\app-page.runtime.
prod.js:17:18811)
    at A (C:\Users\bmlab\BMl
ab\verivo-nextjs\node_module
s\next\dist\compiled\next-se
rver\app-page.runtime.prod.j
s:12:94398)
    at R (C:\Users\bmlab\BMl
ab\verivo-nextjs\node_module
s\next\dist\compiled\next-se
rver\app-page.runtime.prod.j
s:12:92949)
    at rR (C:\Users\bmlab\BM
lab\verivo-nextjs\node_modul
es\next\dist\compiled\next-s
erver\app-page.runtime.prod.
js:12:33975)
    at nL (C:\Users\bmlab\BM
lab\verivo-nextjs\node_modul
es\next\dist\compiled\next-s
erver\app-page.runtime.prod.
js:12:62305)
Error: Your project's URL 
and Key are required to 
create a Supabase client!

Check your Supabase 
project's API settings to 
find these values

https://supabase.com/dashboa
rd/project/_/settings/api
    at rL (C:\Users\bmlab\BM
lab\verivo-nextjs\.next\serv
er\chunks\929.js:38:53933)
    at 5472 (C:\Users\bmlab\
BMlab\verivo-nextjs\.next\se
rver\chunks\486.js:1:3839)
    at t (C:\Users\bmlab\BMl
ab\verivo-nextjs\.next\serve
r\webpack-runtime.js:1:127)
    at 835 (C:\Users\bmlab\B
Mlab\verivo-nextjs\.next\ser
ver\chunks\486.js:1:710)
    at Object.t [as 
require] (C:\Users\bmlab\BMl
ab\verivo-nextjs\.next\serve
r\webpack-runtime.js:1:127)
    at require (C:\Users\bml
ab\BMlab\verivo-nextjs\node_
modules\next\dist\compiled\n
ext-server\app-page.runtime.
prod.js:17:18811)
    at A (C:\Users\bmlab\BMl
ab\verivo-nextjs\node_module
s\next\dist\compiled\next-se
rver\app-page.runtime.prod.j
s:12:94398)
    at R (C:\Users\bmlab\BMl
ab\verivo-nextjs\node_module
s\next\dist\compiled\next-se
rver\app-page.runtime.prod.j
s:12:92949)
    at rR (C:\Users\bmlab\BM
lab\verivo-nextjs\node_modul
es\next\dist\compiled\next-s
erver\app-page.runtime.prod.
js:12:33975)
    at nL (C:\Users\bmlab\BM
lab\verivo-nextjs\node_modul
es\next\dist\compiled\next-s
erver\app-page.runtime.prod.
js:12:62305) {
  digest: '4197814397'
}

Error occurred prerendering 
page "/_not-found". Read 
more: https://nextjs.org/doc
s/messages/prerender-error

Error: Your project's URL 
and Key are required to 
create a Supabase client!

Check your Supabase 
project's API settings to 
find these values

https://supabase.com/dashboa
rd/project/_/settings/api
    at rL (C:\Users\bmlab\BM
lab\verivo-nextjs\.next\serv
er\chunks\929.js:38:53933)
    at 5472 (C:\Users\bmlab\
BMlab\verivo-nextjs\.next\se
rver\chunks\486.js:1:3839)
    at t (C:\Users\bmlab\BMl
ab\verivo-nextjs\.next\serve
r\webpack-runtime.js:1:127)
    at 835 (C:\Users\bmlab\B
Mlab\verivo-nextjs\.next\ser
ver\chunks\486.js:1:710)
    at Object.t [as 
require] (C:\Users\bmlab\BMl
ab\verivo-nextjs\.next\serve
r\webpack-runtime.js:1:127)
    at require (C:\Users\bml
ab\BMlab\verivo-nextjs\node_
modules\next\dist\compiled\n
ext-server\app-page.runtime.
prod.js:17:18811)
    at A (C:\Users\bmlab\BMl
ab\verivo-nextjs\node_module
s\next\dist\compiled\next-se
rver\app-page.runtime.prod.j
s:12:94398)
    at R (C:\Users\bmlab\BMl
ab\verivo-nextjs\node_module
s\next\dist\compiled\next-se
rver\app-page.runtime.prod.j
s:12:92949)
    at rR (C:\Users\bmlab\BM
lab\verivo-nextjs\node_modul
es\next\dist\compiled\next-s
erver\app-page.runtime.prod.
js:12:33975)
    at nL (C:\Users\bmlab\BM
lab\verivo-nextjs\node_modul
es\next\dist\compiled\next-s
erver\app-page.runtime.prod.
js:12:62305)
Error: Your project's URL 
and Key are required to 
create a Supabase client!

Check your Supabase 
project's API settings to 
find these values

https://supabase.com/dashboa
rd/project/_/settings/api
    at rL (C:\Users\bmlab\BM
lab\verivo-nextjs\.next\serv
er\chunks\929.js:38:53933)
    at 5472 (C:\Users\bmlab\
BMlab\verivo-nextjs\.next\se
rver\chunks\486.js:1:3839)
    at t (C:\Users\bmlab\BMl
ab\verivo-nextjs\.next\serve
r\webpack-runtime.js:1:127)
    at 835 (C:\Users\bmlab\B
Mlab\verivo-nextjs\.next\ser
ver\chunks\486.js:1:710)
    at Object.t [as 
require] (C:\Users\bmlab\BMl
ab\verivo-nextjs\.next\serve
r\webpack-runtime.js:1:127)
    at require (C:\Users\bml
ab\BMlab\verivo-nextjs\node_
modules\next\dist\compiled\n
ext-server\app-page.runtime.
prod.js:17:18811)
    at A (C:\Users\bmlab\BMl
ab\verivo-nextjs\node_module
s\next\dist\compiled\next-se
rver\app-page.runtime.prod.j
s:12:94398)
    at R (C:\Users\bmlab\BMl
ab\verivo-nextjs\node_module
s\next\dist\compiled\next-se
rver\app-page.runtime.prod.j
s:12:92949)
    at rR (C:\Users\bmlab\BM
lab\verivo-nextjs\node_modul
es\next\dist\compiled\next-s
erver\app-page.runtime.prod.
js:12:33975)
    at nL (C:\Users\bmlab\BM
lab\verivo-nextjs\node_modul
es\next\dist\compiled\next-s
erver\app-page.runtime.prod.
js:12:62305) {
  digest: '4197814397'
}

Error occurred prerendering 
page "/how-it-works". Read 
more: https://nextjs.org/doc
s/messages/prerender-error

Error: Your project's URL 
and Key are required to 
create a Supabase client!

Check your Supabase 
project's API settings to 
find these values

https://supabase.com/dashboa
rd/project/_/settings/api
    at rL (C:\Users\bmlab\BM
lab\verivo-nextjs\.next\serv
er\chunks\929.js:38:53933)
    at 5472 (C:\Users\bmlab\
BMlab\verivo-nextjs\.next\se
rver\chunks\486.js:1:3839)
    at t (C:\Users\bmlab\BMl
ab\verivo-nextjs\.next\serve
r\webpack-runtime.js:1:127)
    at 835 (C:\Users\bmlab\B
Mlab\verivo-nextjs\.next\ser
ver\chunks\486.js:1:710)
    at Object.t [as 
require] (C:\Users\bmlab\BMl
ab\verivo-nextjs\.next\serve
r\webpack-runtime.js:1:127)
    at require (C:\Users\bml
ab\BMlab\verivo-nextjs\node_
modules\next\dist\compiled\n
ext-server\app-page.runtime.
prod.js:17:18811)
    at A (C:\Users\bmlab\BMl
ab\verivo-nextjs\node_module
s\next\dist\compiled\next-se
rver\app-page.runtime.prod.j
s:12:94398)
    at R (C:\Users\bmlab\BMl
ab\verivo-nextjs\node_module
s\next\dist\compiled\next-se
rver\app-page.runtime.prod.j
s:12:92949)
    at rR (C:\Users\bmlab\BM
lab\verivo-nextjs\node_modul
es\next\dist\compiled\next-s
erver\app-page.runtime.prod.
js:12:33975)
    at nL (C:\Users\bmlab\BM
lab\verivo-nextjs\node_modul
es\next\dist\compiled\next-s
erver\app-page.runtime.prod.
js:12:62305)
Error: Your project's URL 
and Key are required to 
create a Supabase client!

Check your Supabase 
project's API settings to 
find these values

https://supabase.com/dashboa
rd/project/_/settings/api
    at rL (C:\Users\bmlab\BM
lab\verivo-nextjs\.next\serv
er\chunks\929.js:38:53933)
    at 5472 (C:\Users\bmlab\
BMlab\verivo-nextjs\.next\se
rver\chunks\486.js:1:3839)
    at t (C:\Users\bmlab\BMl
ab\verivo-nextjs\.next\serve
r\webpack-runtime.js:1:127)
    at 4801 (C:\Users\bmlab\
BMlab\verivo-nextjs\.next\se
rver\app\(auth)\register\pag
e.js:1:2243)
    at Object.t [as 
require] (C:\Users\bmlab\BMl
ab\verivo-nextjs\.next\serve
r\webpack-runtime.js:1:127)
    at require (C:\Users\bml
ab\BMlab\verivo-nextjs\node_
modules\next\dist\compiled\n
ext-server\app-page.runtime.
prod.js:17:18811)
    at s (C:\Users\bmlab\BMl
ab\verivo-nextjs\node_module
s\next\dist\compiled\next-se
rver\app-page.runtime.prod.j
s:12:88330)
    at C:\Users\bmlab\BMlab\
verivo-nextjs\node_modules\n
ext\dist\compiled\next-serve
r\app-page.runtime.prod.js:1
2:98875
    at C:\Users\bmlab\BMlab\
verivo-nextjs\node_modules\n
ext\dist\compiled\next-serve
r\app-page.runtime.prod.js:1
2:98962
    at t (C:\Users\bmlab\BMl
ab\verivo-nextjs\node_module
s\next\dist\compiled\next-se
rver\app-page.runtime.prod.j
s:12:99165) {
  digest: '193423813'
}

Error occurred prerendering 
page "/register". Read 
more: https://nextjs.org/doc
s/messages/prerender-error

Error: Your project's URL 
and Key are required to 
create a Supabase client!

Check your Supabase 
project's API settings to 
find these values

https://supabase.com/dashboa
rd/project/_/settings/api
    at rL (C:\Users\bmlab\BM
lab\verivo-nextjs\.next\serv
er\chunks\929.js:38:53933)
    at 5472 (C:\Users\bmlab\
BMlab\verivo-nextjs\.next\se
rver\chunks\486.js:1:3839)
    at t (C:\Users\bmlab\BMl
ab\verivo-nextjs\.next\serve
r\webpack-runtime.js:1:127)
    at 4801 (C:\Users\bmlab\
BMlab\verivo-nextjs\.next\se
rver\app\(auth)\register\pag
e.js:1:2243)
    at Object.t [as 
require] (C:\Users\bmlab\BMl
ab\verivo-nextjs\.next\serve
r\webpack-runtime.js:1:127)
    at require (C:\Users\bml
ab\BMlab\verivo-nextjs\node_
modules\next\dist\compiled\n
ext-server\app-page.runtime.
prod.js:17:18811)
    at s (C:\Users\bmlab\BMl
ab\verivo-nextjs\node_module
s\next\dist\compiled\next-se
rver\app-page.runtime.prod.j
s:12:88330)
    at C:\Users\bmlab\BMlab\
verivo-nextjs\node_modules\n
ext\dist\compiled\next-serve
r\app-page.runtime.prod.js:1
2:98875
    at C:\Users\bmlab\BMlab\
verivo-nextjs\node_modules\n
ext\dist\compiled\next-serve
r\app-page.runtime.prod.js:1
2:98962
    at t (C:\Users\bmlab\BMl
ab\verivo-nextjs\node_module
s\next\dist\compiled\next-se
rver\app-page.runtime.prod.j
s:12:99165)
Error: Your project's URL 
and Key are required to 
create a Supabase client!

Check your Supabase 
project's API settings to 
find these values

https://supabase.com/dashboa
rd/project/_/settings/api
    at rL (C:\Users\bmlab\BM
lab\verivo-nextjs\.next\serv
er\chunks\929.js:38:53933)
    at 5472 (C:\Users\bmlab\
BMlab\verivo-nextjs\.next\se
rver\chunks\486.js:1:3839)
    at t (C:\Users\bmlab\BMl
ab\verivo-nextjs\.next\serve
r\webpack-runtime.js:1:127)
    at 3037 (C:\Users\bmlab\
BMlab\verivo-nextjs\.next\se
rver\app\predictions\create\
page.js:1:69593)
    at Object.t [as 
require] (C:\Users\bmlab\BMl
ab\verivo-nextjs\.next\serve
r\webpack-runtime.js:1:127)
    at require (C:\Users\bml
ab\BMlab\verivo-nextjs\node_
modules\next\dist\compiled\n
ext-server\app-page.runtime.
prod.js:17:18811)
    at s (C:\Users\bmlab\BMl
ab\verivo-nextjs\node_module
s\next\dist\compiled\next-se
rver\app-page.runtime.prod.j
s:12:88330)
    at C:\Users\bmlab\BMlab\
verivo-nextjs\node_modules\n
ext\dist\compiled\next-serve
r\app-page.runtime.prod.js:1
2:98875
    at C:\Users\bmlab\BMlab\
verivo-nextjs\node_modules\n
ext\dist\compiled\next-serve
r\app-page.runtime.prod.js:1
2:98962
    at t (C:\Users\bmlab\BMl
ab\verivo-nextjs\node_module
s\next\dist\compiled\next-se
rver\app-page.runtime.prod.j
s:12:99165) {
  digest: '697504474'
}

Error occurred prerendering 
page "/predictions/create". 
Read more: https://nextjs.or
g/docs/messages/prerender-er
ror

Error: Your project's URL 
and Key are required to 
create a Supabase client!

Check your Supabase 
project's API settings to 
find these values

https://supabase.com/dashboa
rd/project/_/settings/api
    at rL (C:\Users\bmlab\BM
lab\verivo-nextjs\.next\serv
er\chunks\929.js:38:53933)
    at 5472 (C:\Users\bmlab\
BMlab\verivo-nextjs\.next\se
rver\chunks\486.js:1:3839)
    at t (C:\Users\bmlab\BMl
ab\verivo-nextjs\.next\serve
r\webpack-runtime.js:1:127)
    at 3037 (C:\Users\bmlab\
BMlab\verivo-nextjs\.next\se
rver\app\predictions\create\
page.js:1:69593)
    at Object.t [as 
require] (C:\Users\bmlab\BMl
ab\verivo-nextjs\.next\serve
r\webpack-runtime.js:1:127)
    at require (C:\Users\bml
ab\BMlab\verivo-nextjs\node_
modules\next\dist\compiled\n
ext-server\app-page.runtime.
prod.js:17:18811)
    at s (C:\Users\bmlab\BMl
ab\verivo-nextjs\node_module
s\next\dist\compiled\next-se
rver\app-page.runtime.prod.j
s:12:88330)
    at C:\Users\bmlab\BMlab\
verivo-nextjs\node_modules\n
ext\dist\compiled\next-serve
r\app-page.runtime.prod.js:1
2:98875
    at C:\Users\bmlab\BMlab\
verivo-nextjs\node_modules\n
ext\dist\compiled\next-serve
r\app-page.runtime.prod.js:1
2:98962
    at t (C:\Users\bmlab\BMl
ab\verivo-nextjs\node_module
s\next\dist\compiled\next-se
rver\app-page.runtime.prod.j
s:12:99165)
Error: Your project's URL 
and Key are required to 
create a Supabase client!

   Generating static pages (11/23) 
Check your Supabase 
project's API settings to 
find these values

https://supabase.com/dashboa
rd/project/_/settings/api
    at rL (C:\Users\bmlab\BM
lab\verivo-nextjs\.next\serv
er\chunks\929.js:38:53933)
    at 5472 (C:\Users\bmlab\
BMlab\verivo-nextjs\.next\se
rver\chunks\486.js:1:3839)
    at t (C:\Users\bmlab\BMl
ab\verivo-nextjs\.next\serve
r\webpack-runtime.js:1:127)
    at 835 (C:\Users\bmlab\B
Mlab\verivo-nextjs\.next\ser
ver\chunks\486.js:1:710)
    at Object.t [as 
require] (C:\Users\bmlab\BMl
ab\verivo-nextjs\.next\serve
r\webpack-runtime.js:1:127)
    at require (C:\Users\bml
ab\BMlab\verivo-nextjs\node_
modules\next\dist\compiled\n
ext-server\app-page.runtime.
prod.js:17:18811)
    at A (C:\Users\bmlab\BMl
ab\verivo-nextjs\node_module
s\next\dist\compiled\next-se
rver\app-page.runtime.prod.j
s:12:94398)
    at R (C:\Users\bmlab\BMl
ab\verivo-nextjs\node_module
s\next\dist\compiled\next-se
rver\app-page.runtime.prod.j
s:12:92949)
    at rR (C:\Users\bmlab\BM
lab\verivo-nextjs\node_modul
es\next\dist\compiled\next-s
erver\app-page.runtime.prod.
js:12:33975)
    at nL (C:\Users\bmlab\BM
lab\verivo-nextjs\node_modul
es\next\dist\compiled\next-s
erver\app-page.runtime.prod.
js:12:62305) {
  digest: '4197814397'
}

Error occurred prerendering 
page "/dashboard". Read 
more: https://nextjs.org/doc
s/messages/prerender-error

Error: Your project's URL 
and Key are required to 
create a Supabase client!

Check your Supabase 
project's API settings to 
find these values

https://supabase.com/dashboa
rd/project/_/settings/api
    at rL (C:\Users\bmlab\BM
lab\verivo-nextjs\.next\serv
er\chunks\929.js:38:53933)
    at 5472 (C:\Users\bmlab\
BMlab\verivo-nextjs\.next\se
rver\chunks\486.js:1:3839)
    at t (C:\Users\bmlab\BMl
ab\verivo-nextjs\.next\serve
r\webpack-runtime.js:1:127)
    at 835 (C:\Users\bmlab\B
Mlab\verivo-nextjs\.next\ser
ver\chunks\486.js:1:710)
    at Object.t [as 
require] (C:\Users\bmlab\BMl
ab\verivo-nextjs\.next\serve
r\webpack-runtime.js:1:127)
    at require (C:\Users\bml
ab\BMlab\verivo-nextjs\node_
modules\next\dist\compiled\n
ext-server\app-page.runtime.
prod.js:17:18811)
    at A (C:\Users\bmlab\BMl
ab\verivo-nextjs\node_module
s\next\dist\compiled\next-se
rver\app-page.runtime.prod.j
s:12:94398)
    at R (C:\Users\bmlab\BMl
ab\verivo-nextjs\node_module
s\next\dist\compiled\next-se
rver\app-page.runtime.prod.j
s:12:92949)
    at rR (C:\Users\bmlab\BM
lab\verivo-nextjs\node_modul
es\next\dist\compiled\next-s
erver\app-page.runtime.prod.
js:12:33975)
    at nL (C:\Users\bmlab\BM
lab\verivo-nextjs\node_modul
es\next\dist\compiled\next-s
erver\app-page.runtime.prod.
js:12:62305)
Error: Your project's URL 
and Key are required to 
create a Supabase client!

Check your Supabase 
project's API settings to 
find these values

https://supabase.com/dashboa
rd/project/_/settings/api
    at rL (C:\Users\bmlab\BM
lab\verivo-nextjs\.next\serv
er\chunks\929.js:38:53933)
    at 5472 (C:\Users\bmlab\
BMlab\verivo-nextjs\.next\se
rver\chunks\486.js:1:3839)
    at t (C:\Users\bmlab\BMl
ab\verivo-nextjs\.next\serve
r\webpack-runtime.js:1:127)
    at 835 (C:\Users\bmlab\B
Mlab\verivo-nextjs\.next\ser
ver\chunks\486.js:1:710)
    at Object.t [as 
require] (C:\Users\bmlab\BMl
ab\verivo-nextjs\.next\serve
r\webpack-runtime.js:1:127)
    at require (C:\Users\bml
ab\BMlab\verivo-nextjs\node_
modules\next\dist\compiled\n
ext-server\app-page.runtime.
prod.js:17:18811)
    at A (C:\Users\bmlab\BMl
ab\verivo-nextjs\node_module
s\next\dist\compiled\next-se
rver\app-page.runtime.prod.j
s:12:94398)
    at R (C:\Users\bmlab\BMl
ab\verivo-nextjs\node_module
s\next\dist\compiled\next-se
rver\app-page.runtime.prod.j
s:12:92949)
    at rR (C:\Users\bmlab\BM
lab\verivo-nextjs\node_modul
es\next\dist\compiled\next-s
erver\app-page.runtime.prod.
js:12:33975)
    at nL (C:\Users\bmlab\BM
lab\verivo-nextjs\node_modul
es\next\dist\compiled\next-s
erver\app-page.runtime.prod.
js:12:62305) {
  digest: '4197814397'
}
Error: Your project's URL 
and Key are required to 
create a Supabase client!

Check your Supabase 
project's API settings to 
find these values

https://supabase.com/dashboa
rd/project/_/settings/api
    at rL (C:\Users\bmlab\BM
lab\verivo-nextjs\.next\serv
er\chunks\929.js:38:53933)
    at 5472 (C:\Users\bmlab\
BMlab\verivo-nextjs\.next\se
rver\chunks\486.js:1:3839)
    at t (C:\Users\bmlab\BMl
ab\verivo-nextjs\.next\serve
r\webpack-runtime.js:1:127)
    at 835 (C:\Users\bmlab\B
Mlab\verivo-nextjs\.next\ser
ver\chunks\486.js:1:710)
    at Object.t [as 
require] (C:\Users\bmlab\BMl
ab\verivo-nextjs\.next\serve
r\webpack-runtime.js:1:127)
    at require (C:\Users\bml
ab\BMlab\verivo-nextjs\node_
modules\next\dist\compiled\n
ext-server\app-page.runtime.
prod.js:17:18811)
    at A (C:\Users\bmlab\BMl
ab\verivo-nextjs\node_module
s\next\dist\compiled\next-se
rver\app-page.runtime.prod.j
s:12:94398)
    at R (C:\Users\bmlab\BMl
ab\verivo-nextjs\node_module
s\next\dist\compiled\next-se
rver\app-page.runtime.prod.j
s:12:92949)
    at rR (C:\Users\bmlab\BM
lab\verivo-nextjs\node_modul
es\next\dist\compiled\next-s
erver\app-page.runtime.prod.
js:12:33975)
    at nL (C:\Users\bmlab\BM
lab\verivo-nextjs\node_modul
es\next\dist\compiled\next-s
erver\app-page.runtime.prod.
js:12:62305) {
  digest: '4197814397'
}

Error occurred prerendering 
page "/terms". Read more: ht
tps://nextjs.org/docs/messag
es/prerender-error

Error: Your project's URL 
and Key are required to 
create a Supabase client!

Check your Supabase 
project's API settings to 
find these values

https://supabase.com/dashboa
rd/project/_/settings/api
    at rL (C:\Users\bmlab\BM
lab\verivo-nextjs\.next\serv
er\chunks\929.js:38:53933)
    at 5472 (C:\Users\bmlab\
BMlab\verivo-nextjs\.next\se
rver\chunks\486.js:1:3839)
    at t (C:\Users\bmlab\BMl
ab\verivo-nextjs\.next\serve
r\webpack-runtime.js:1:127)
    at 835 (C:\Users\bmlab\B
Mlab\verivo-nextjs\.next\ser
ver\chunks\486.js:1:710)
    at Object.t [as 
require] (C:\Users\bmlab\BMl
ab\verivo-nextjs\.next\serve
r\webpack-runtime.js:1:127)
    at require (C:\Users\bml
ab\BMlab\verivo-nextjs\node_
modules\next\dist\compiled\n
ext-server\app-page.runtime.
prod.js:17:18811)
    at A (C:\Users\bmlab\BMl
ab\verivo-nextjs\node_module
s\next\dist\compiled\next-se
rver\app-page.runtime.prod.j
s:12:94398)
    at R (C:\Users\bmlab\BMl
ab\verivo-nextjs\node_module
s\next\dist\compiled\next-se
rver\app-page.runtime.prod.j
s:12:92949)
    at rR (C:\Users\bmlab\BM
lab\verivo-nextjs\node_modul
es\next\dist\compiled\next-s
erver\app-page.runtime.prod.
js:12:33975)
    at nL (C:\Users\bmlab\BM
lab\verivo-nextjs\node_modul
es\next\dist\compiled\next-s
erver\app-page.runtime.prod.
js:12:62305)
Error: Your project's URL 
and Key are required to 
create a Supabase client!

Check your Supabase 
project's API settings to 
find these values

https://supabase.com/dashboa
rd/project/_/settings/api
    at rL (C:\Users\bmlab\BM
lab\verivo-nextjs\.next\serv
er\chunks\929.js:38:53933)
    at 5472 (C:\Users\bmlab\
BMlab\verivo-nextjs\.next\se
rver\chunks\486.js:1:3839)
    at t (C:\Users\bmlab\BMl
ab\verivo-nextjs\.next\serve
r\webpack-runtime.js:1:127)
    at 835 (C:\Users\bmlab\B
Mlab\verivo-nextjs\.next\ser
ver\chunks\486.js:1:710)
    at Object.t [as 
require] (C:\Users\bmlab\BMl
ab\verivo-nextjs\.next\serve
r\webpack-runtime.js:1:127)
    at require (C:\Users\bml
ab\BMlab\verivo-nextjs\node_
modules\next\dist\compiled\n
ext-server\app-page.runtime.
prod.js:17:18811)
    at A (C:\Users\bmlab\BMl
ab\verivo-nextjs\node_module
s\next\dist\compiled\next-se
rver\app-page.runtime.prod.j
s:12:94398)
    at R (C:\Users\bmlab\BMl
ab\verivo-nextjs\node_module
s\next\dist\compiled\next-se
rver\app-page.runtime.prod.j
s:12:92949)
    at rR (C:\Users\bmlab\BM
lab\verivo-nextjs\node_modul
es\next\dist\compiled\next-s
erver\app-page.runtime.prod.
js:12:33975)
    at nL (C:\Users\bmlab\BM
lab\verivo-nextjs\node_modul
es\next\dist\compiled\next-s
erver\app-page.runtime.prod.
js:12:62305) {
  digest: '4197814397'
}
Error: Your project's URL 
and Key are required to 
create a Supabase client!

Check your Supabase 
project's API settings to 
find these values

https://supabase.com/dashboa
rd/project/_/settings/api
    at rL (C:\Users\bmlab\BM
lab\verivo-nextjs\.next\serv
er\chunks\929.js:38:53933)
    at 5472 (C:\Users\bmlab\
BMlab\verivo-nextjs\.next\se
rver\chunks\486.js:1:3839)
    at t (C:\Users\bmlab\BMl
ab\verivo-nextjs\.next\serve
r\webpack-runtime.js:1:127)
    at 835 (C:\Users\bmlab\B
Mlab\verivo-nextjs\.next\ser
ver\chunks\486.js:1:710)
    at Object.t [as 
require] (C:\Users\bmlab\BMl
ab\verivo-nextjs\.next\serve
r\webpack-runtime.js:1:127)
    at require (C:\Users\bml
ab\BMlab\verivo-nextjs\node_
modules\next\dist\compiled\n
ext-server\app-page.runtime.
prod.js:17:18811)
    at A (C:\Users\bmlab\BMl
ab\verivo-nextjs\node_module
s\next\dist\compiled\next-se
rver\app-page.runtime.prod.j
s:12:94398)
    at R (C:\Users\bmlab\BMl
ab\verivo-nextjs\node_module
s\next\dist\compiled\next-se
rver\app-page.runtime.prod.j
s:12:92949)
    at rR (C:\Users\bmlab\BM
lab\verivo-nextjs\node_modul
es\next\dist\compiled\next-s
erver\app-page.runtime.prod.
js:12:33975)
    at nL (C:\Users\bmlab\BM
lab\verivo-nextjs\node_modul
es\next\dist\compiled\next-s
erver\app-page.runtime.prod.
js:12:62305) {
  digest: '4197814397'
}
Error: Your project's URL 
and Key are required to 
create a Supabase client!

Check your Supabase 
project's API settings to 
find these values

https://supabase.com/dashboa
rd/project/_/settings/api
    at rL (C:\Users\bmlab\BM
lab\verivo-nextjs\.next\serv
er\chunks\929.js:38:53933)
    at 5472 (C:\Users\bmlab\
BMlab\verivo-nextjs\.next\se
rver\chunks\486.js:1:3839)
    at t (C:\Users\bmlab\BMl
ab\verivo-nextjs\.next\serve
r\webpack-runtime.js:1:127)
    at 835 (C:\Users\bmlab\B
Mlab\verivo-nextjs\.next\ser
ver\chunks\486.js:1:710)
    at Object.t [as 
require] (C:\Users\bmlab\BMl
ab\verivo-nextjs\.next\serve
r\webpack-runtime.js:1:127)
    at require (C:\Users\bml
ab\BMlab\verivo-nextjs\node_
modules\next\dist\compiled\n
ext-server\app-page.runtime.
prod.js:17:18811)
    at A (C:\Users\bmlab\BMl
ab\verivo-nextjs\node_module
s\next\dist\compiled\next-se
rver\app-page.runtime.prod.j
s:12:94398)
    at R (C:\Users\bmlab\BMl
ab\verivo-nextjs\node_module
s\next\dist\compiled\next-se
rver\app-page.runtime.prod.j
s:12:92949)
    at rR (C:\Users\bmlab\BM
lab\verivo-nextjs\node_modul
es\next\dist\compiled\next-s
erver\app-page.runtime.prod.
js:12:33975)
    at nL (C:\Users\bmlab\BM
lab\verivo-nextjs\node_modul
es\next\dist\compiled\next-s
erver\app-page.runtime.prod.
js:12:62305) {
  digest: '4197814397'
}

Error occurred prerendering 
page "/predictions". Read 
more: https://nextjs.org/doc
s/messages/prerender-error

Error: Your project's URL 
and Key are required to 
create a Supabase client!

Check your Supabase 
project's API settings to 
find these values

https://supabase.com/dashboa
rd/project/_/settings/api
    at rL (C:\Users\bmlab\BM
lab\verivo-nextjs\.next\serv
er\chunks\929.js:38:53933)
    at 5472 (C:\Users\bmlab\
BMlab\verivo-nextjs\.next\se
rver\chunks\486.js:1:3839)
    at t (C:\Users\bmlab\BMl
ab\verivo-nextjs\.next\serve
r\webpack-runtime.js:1:127)
    at 835 (C:\Users\bmlab\B
Mlab\verivo-nextjs\.next\ser
ver\chunks\486.js:1:710)
    at Object.t [as 
require] (C:\Users\bmlab\BMl
ab\verivo-nextjs\.next\serve
r\webpack-runtime.js:1:127)
    at require (C:\Users\bml
ab\BMlab\verivo-nextjs\node_
modules\next\dist\compiled\n
ext-server\app-page.runtime.
prod.js:17:18811)
    at A (C:\Users\bmlab\BMl
ab\verivo-nextjs\node_module
s\next\dist\compiled\next-se
rver\app-page.runtime.prod.j
s:12:94398)
    at R (C:\Users\bmlab\BMl
ab\verivo-nextjs\node_module
s\next\dist\compiled\next-se
rver\app-page.runtime.prod.j
s:12:92949)
    at rR (C:\Users\bmlab\BM
lab\verivo-nextjs\node_modul
es\next\dist\compiled\next-s
erver\app-page.runtime.prod.
js:12:33975)
    at nL (C:\Users\bmlab\BM
lab\verivo-nextjs\node_modul
es\next\dist\compiled\next-s
erver\app-page.runtime.prod.
js:12:62305)
Error: Your project's URL 
and Key are required to 
create a Supabase client!

Check your Supabase 
project's API settings to 
find these values

https://supabase.com/dashboa
rd/project/_/settings/api
    at rL (C:\Users\bmlab\BM
lab\verivo-nextjs\.next\serv
er\chunks\929.js:38:53933)
    at 5472 (C:\Users\bmlab\
BMlab\verivo-nextjs\.next\se
rver\chunks\486.js:1:3839)
    at t (C:\Users\bmlab\BMl
ab\verivo-nextjs\.next\serve
r\webpack-runtime.js:1:127)
    at 835 (C:\Users\bmlab\B
Mlab\verivo-nextjs\.next\ser
ver\chunks\486.js:1:710)
    at Object.t [as 
require] (C:\Users\bmlab\BMl
ab\verivo-nextjs\.next\serve
r\webpack-runtime.js:1:127)
    at require (C:\Users\bml
ab\BMlab\verivo-nextjs\node_
modules\next\dist\compiled\n
ext-server\app-page.runtime.
prod.js:17:18811)
    at A (C:\Users\bmlab\BMl
ab\verivo-nextjs\node_module
s\next\dist\compiled\next-se
rver\app-page.runtime.prod.j
s:12:94398)
    at R (C:\Users\bmlab\BMl
ab\verivo-nextjs\node_module
s\next\dist\compiled\next-se
rver\app-page.runtime.prod.j
s:12:92949)
    at rR (C:\Users\bmlab\BM
lab\verivo-nextjs\node_modul
es\next\dist\compiled\next-s
erver\app-page.runtime.prod.
js:12:33975)
    at nL (C:\Users\bmlab\BM
lab\verivo-nextjs\node_modul
es\next\dist\compiled\next-s
erver\app-page.runtime.prod.
js:12:62305) {
  digest: '4197814397'
}

Error occurred prerendering 
page "/feed". Read more: htt
ps://nextjs.org/docs/message
s/prerender-error

Error: Your project's URL 
and Key are required to 
create a Supabase client!

Check your Supabase 
project's API settings to 
find these values

https://supabase.com/dashboa
rd/project/_/settings/api
    at rL (C:\Users\bmlab\BM
lab\verivo-nextjs\.next\serv
er\chunks\929.js:38:53933)
    at 5472 (C:\Users\bmlab\
BMlab\verivo-nextjs\.next\se
rver\chunks\486.js:1:3839)
    at t (C:\Users\bmlab\BMl
ab\verivo-nextjs\.next\serve
r\webpack-runtime.js:1:127)
    at 835 (C:\Users\bmlab\B
Mlab\verivo-nextjs\.next\ser
ver\chunks\486.js:1:710)
    at Object.t [as 
require] (C:\Users\bmlab\BMl
ab\verivo-nextjs\.next\serve
r\webpack-runtime.js:1:127)
    at require (C:\Users\bml
ab\BMlab\verivo-nextjs\node_
modules\next\dist\compiled\n
ext-server\app-page.runtime.
prod.js:17:18811)
    at A (C:\Users\bmlab\BMl
ab\verivo-nextjs\node_module
s\next\dist\compiled\next-se
rver\app-page.runtime.prod.j
s:12:94398)
    at R (C:\Users\bmlab\BMl
ab\verivo-nextjs\node_module
s\next\dist\compiled\next-se
rver\app-page.runtime.prod.j
s:12:92949)
    at rR (C:\Users\bmlab\BM
lab\verivo-nextjs\node_modul
es\next\dist\compiled\next-s
erver\app-page.runtime.prod.
js:12:33975)
    at nL (C:\Users\bmlab\BM
lab\verivo-nextjs\node_modul
es\next\dist\compiled\next-s
erver\app-page.runtime.prod.
js:12:62305)
Error: Your project's URL 
and Key are required to 
create a Supabase client!

Check your Supabase 
project's API settings to 
find these values

https://supabase.com/dashboa
rd/project/_/settings/api
    at rL (C:\Users\bmlab\BM
lab\verivo-nextjs\.next\serv
er\chunks\929.js:38:53933)
    at 5472 (C:\Users\bmlab\
BMlab\verivo-nextjs\.next\se
rver\chunks\486.js:1:3839)
    at t (C:\Users\bmlab\BMl
ab\verivo-nextjs\.next\serve
r\webpack-runtime.js:1:127)
    at 835 (C:\Users\bmlab\B
Mlab\verivo-nextjs\.next\ser
ver\chunks\486.js:1:710)
    at Object.t [as 
require] (C:\Users\bmlab\BMl
ab\verivo-nextjs\.next\serve
r\webpack-runtime.js:1:127)
    at require (C:\Users\bml
ab\BMlab\verivo-nextjs\node_
modules\next\dist\compiled\n
ext-server\app-page.runtime.
prod.js:17:18811)
    at A (C:\Users\bmlab\BMl
ab\verivo-nextjs\node_module
s\next\dist\compiled\next-se
rver\app-page.runtime.prod.j
s:12:94398)
    at R (C:\Users\bmlab\BMl
ab\verivo-nextjs\node_module
s\next\dist\compiled\next-se
rver\app-page.runtime.prod.j
s:12:92949)
    at rR (C:\Users\bmlab\BM
lab\verivo-nextjs\node_modul
es\next\dist\compiled\next-s
erver\app-page.runtime.prod.
js:12:33975)
    at nL (C:\Users\bmlab\BM
lab\verivo-nextjs\node_modul
es\next\dist\compiled\next-s
erver\app-page.runtime.prod.
js:12:62305) {
  digest: '4197814397'
}

Error occurred prerendering 
page "/privacy". Read more: 
https://nextjs.org/docs/mess
ages/prerender-error

Error: Your project's URL 
and Key are required to 
create a Supabase client!

Check your Supabase 
project's API settings to 
find these values

https://supabase.com/dashboa
rd/project/_/settings/api
    at rL (C:\Users\bmlab\BM
lab\verivo-nextjs\.next\serv
er\chunks\929.js:38:53933)
    at 5472 (C:\Users\bmlab\
BMlab\verivo-nextjs\.next\se
rver\chunks\486.js:1:3839)
    at t (C:\Users\bmlab\BMl
ab\verivo-nextjs\.next\serve
r\webpack-runtime.js:1:127)
    at 835 (C:\Users\bmlab\B
Mlab\verivo-nextjs\.next\ser
ver\chunks\486.js:1:710)
    at Object.t [as 
require] (C:\Users\bmlab\BMl
ab\verivo-nextjs\.next\serve
r\webpack-runtime.js:1:127)
    at require (C:\Users\bml
ab\BMlab\verivo-nextjs\node_
modules\next\dist\compiled\n
ext-server\app-page.runtime.
prod.js:17:18811)
    at A (C:\Users\bmlab\BMl
ab\verivo-nextjs\node_module
s\next\dist\compiled\next-se
rver\app-page.runtime.prod.j
s:12:94398)
    at R (C:\Users\bmlab\BMl
ab\verivo-nextjs\node_module
s\next\dist\compiled\next-se
rver\app-page.runtime.prod.j
s:12:92949)
    at rR (C:\Users\bmlab\BM
lab\verivo-nextjs\node_modul
es\next\dist\compiled\next-s
erver\app-page.runtime.prod.
js:12:33975)
    at nL (C:\Users\bmlab\BM
lab\verivo-nextjs\node_modul
es\next\dist\compiled\next-s
erver\app-page.runtime.prod.
js:12:62305)
   Generating static pages (17/23) 

Error occurred prerendering 
page "/test". Read more: htt
ps://nextjs.org/docs/message
s/prerender-error

Error: Your project's URL 
and Key are required to 
create a Supabase client!

Check your Supabase 
project's API settings to 
find these values

https://supabase.com/dashboa
rd/project/_/settings/api
    at rL (C:\Users\bmlab\BM
lab\verivo-nextjs\.next\serv
er\chunks\929.js:38:53933)
    at 5472 (C:\Users\bmlab\
BMlab\verivo-nextjs\.next\se
rver\chunks\486.js:1:3839)
    at t (C:\Users\bmlab\BMl
ab\verivo-nextjs\.next\serve
r\webpack-runtime.js:1:127)
    at 835 (C:\Users\bmlab\B
Mlab\verivo-nextjs\.next\ser
ver\chunks\486.js:1:710)
    at Object.t [as 
require] (C:\Users\bmlab\BMl
ab\verivo-nextjs\.next\serve
r\webpack-runtime.js:1:127)
    at require (C:\Users\bml
ab\BMlab\verivo-nextjs\node_
modules\next\dist\compiled\n
ext-server\app-page.runtime.
prod.js:17:18811)
    at A (C:\Users\bmlab\BMl
ab\verivo-nextjs\node_module
s\next\dist\compiled\next-se
rver\app-page.runtime.prod.j
s:12:94398)
    at R (C:\Users\bmlab\BMl
ab\verivo-nextjs\node_module
s\next\dist\compiled\next-se
rver\app-page.runtime.prod.j
s:12:92949)
    at rR (C:\Users\bmlab\BM
lab\verivo-nextjs\node_modul
es\next\dist\compiled\next-s
erver\app-page.runtime.prod.
js:12:33975)
    at nL (C:\Users\bmlab\BM
lab\verivo-nextjs\node_modul
es\next\dist\compiled\next-s
erver\app-page.runtime.prod.
js:12:62305)

Error occurred prerendering 
page "/premium". Read more: 
https://nextjs.org/docs/mess
ages/prerender-error

Error: Your project's URL 
and Key are required to 
create a Supabase client!

Check your Supabase 
project's API settings to 
find these values

https://supabase.com/dashboa
rd/project/_/settings/api
    at rL (C:\Users\bmlab\BM
lab\verivo-nextjs\.next\serv
er\chunks\929.js:38:53933)
    at 5472 (C:\Users\bmlab\
BMlab\verivo-nextjs\.next\se
rver\chunks\486.js:1:3839)
    at t (C:\Users\bmlab\BMl
ab\verivo-nextjs\.next\serve
r\webpack-runtime.js:1:127)
    at 835 (C:\Users\bmlab\B
Mlab\verivo-nextjs\.next\ser
ver\chunks\486.js:1:710)
    at Object.t [as 
require] (C:\Users\bmlab\BMl
ab\verivo-nextjs\.next\serve
r\webpack-runtime.js:1:127)
    at require (C:\Users\bml
ab\BMlab\verivo-nextjs\node_
modules\next\dist\compiled\n
ext-server\app-page.runtime.
prod.js:17:18811)
    at A (C:\Users\bmlab\BMl
ab\verivo-nextjs\node_module
s\next\dist\compiled\next-se
rver\app-page.runtime.prod.j
s:12:94398)
    at R (C:\Users\bmlab\BMl
ab\verivo-nextjs\node_module
s\next\dist\compiled\next-se
rver\app-page.runtime.prod.j
s:12:92949)
    at rR (C:\Users\bmlab\BM
lab\verivo-nextjs\node_modul
es\next\dist\compiled\next-s
erver\app-page.runtime.prod.
js:12:33975)
    at nL (C:\Users\bmlab\BM
lab\verivo-nextjs\node_modul
es\next\dist\compiled\next-s
erver\app-page.runtime.prod.
js:12:62305)

Error occurred prerendering 
page "/". Read more: https:/
/nextjs.org/docs/messages/pr
erender-error

Error: Your project's URL 
and Key are required to 
create a Supabase client!

Check your Supabase 
project's API settings to 
find these values

https://supabase.com/dashboa
rd/project/_/settings/api
    at rL (C:\Users\bmlab\BM
lab\verivo-nextjs\.next\serv
er\chunks\929.js:38:53933)
    at 5472 (C:\Users\bmlab\
BMlab\verivo-nextjs\.next\se
rver\chunks\486.js:1:3839)
    at t (C:\Users\bmlab\BMl
ab\verivo-nextjs\.next\serve
r\webpack-runtime.js:1:127)
    at 835 (C:\Users\bmlab\B
Mlab\verivo-nextjs\.next\ser
ver\chunks\486.js:1:710)
    at Object.t [as 
require] (C:\Users\bmlab\BMl
ab\verivo-nextjs\.next\serve
r\webpack-runtime.js:1:127)
    at require (C:\Users\bml
ab\BMlab\verivo-nextjs\node_
modules\next\dist\compiled\n
ext-server\app-page.runtime.
prod.js:17:18811)
    at A (C:\Users\bmlab\BMl
ab\verivo-nextjs\node_module
s\next\dist\compiled\next-se
rver\app-page.runtime.prod.j
s:12:94398)
    at R (C:\Users\bmlab\BMl
ab\verivo-nextjs\node_module
s\next\dist\compiled\next-se
rver\app-page.runtime.prod.j
s:12:92949)
    at rR (C:\Users\bmlab\BM
lab\verivo-nextjs\node_modul
es\next\dist\compiled\next-s
erver\app-page.runtime.prod.
js:12:33975)
    at nL (C:\Users\bmlab\BM
lab\verivo-nextjs\node_modul
es\next\dist\compiled\next-s
erver\app-page.runtime.prod.
js:12:62305)
 Γ£ô Generating static pages (23/23)

> Export encountered errors 
on following paths:
	/(auth)/login/page: /login
	/(auth)/register/page: 
/register
	/_not-found/page: 
/_not-found
	/about/page: /about
	/contact/page: /contact
	/dashboard/page: /dashboard
	/experts/page: /experts
	/feed/page: /feed
	/how-it-works/page: 
/how-it-works
	/leaderboard/page: 
/leaderboard
	/onboarding/page: 
/onboarding
	/page: /
	/predictions/create/page: 
/predictions/create
	/predictions/page: 
/predictions
	/premium/page: /premium
	/privacy/page: /privacy
	/terms/page: /terms
	/test/page: /test
