
> verivo@1.0.0 build
> next build

  Γû▓ Next.js 14.2.35

   Creating an optimized production build ...
 Γ£ô Compiled successfully
   Skipping validation of types
   Skipping linting
   Collecting page data ...
   Generating static pages (0/23) ...
   Generating static pages (5/23) 
   Generating static pages (11/23) 
   Generating static pages (17/23) 
 Γ£ô Generating static pages (23/23)
