app/predictions/create/page.tsx(363,54): error TS2367: This comparison appears to be unintentional because the types '"global"' and '"index"' have no overlap.
